checking for g++ ... /usr/bin/g++
checking for the c++ compiler (cxx) ... g++
checking for /usr/bin/g++ ... ok
checking for flags (-fPIC) ... ok
> g++ "-fPIC" "-funroll-loops" "-DFOO6404" "-DBAR6404" "-ffunction-sections"
[ 23%]: <hello> cache compiling.releasedbg src/main.cpp
/usr/bin/g++ -c -funroll-loops -DFOO6404 -DBAR6404 -ffunction-sections -DRVISA_X86 -DRVISA_64 -o build/.objs/hello/linux/x86_64/releasedbg/src/main.cpp.o src/main.cpp
checking for flags (-MMD -MF) ... ok
> g++ "-MMD" "-MF" "/dev/null" "-funroll-loops" "-DFOO6404" "-DBAR6404" "-ffunction-sections"
checking for flags (-Wno-gnu-line-marker -Werror) ... ok
> g++ "-Wno-gnu-line-marker" "-Werror" "-funroll-loops" "-DFOO6404" "-DBAR6404" "-ffunction-sections"
checking for g++ ... /usr/bin/g++
checking for the linker (ld) ... g++
checking for flags (-fPIC) ... ok
> g++ "-fPIC" "-L/usr/bin/../lib" "-L/usr/bin/../lib"
[ 47%]: <hello> linking.releasedbg hello
/usr/bin/g++ -o build/linux/x86_64/releasedbg/hello build/.objs/hello/linux/x86_64/releasedbg/src/main.cpp.o -L/usr/bin/../lib

build cache stats:
cache directory: /home/cyan/ci/variants/onload_full/build/.build_cache
cache hit rate: 0%
cache hit: 0
cache hit total time: 0.000s
cache miss: 1
cache miss total time: 0.000s
new cached files: 1
remote cache hit: 0
remote new cached files: 0
preprocess failed: 0
compile fallback count: 0
compile total time: 0.017s

[100%]: build ok, spent 0.209s
